// Jest Snapshot v1, https://goo.gl/fbAQLP

exports[`App matches snapshot 1`] = `
<div>
  <main
    class="appContainer__mainContainer background-desktop-dark"
  >
    <div
      class="appContainer__titleContainer"
    >
      <h1>
        Todo
      </h1>
      <svg>
        icon-sun.svg
      </svg>
    </div>
  </main>
</div>
`;
