// Jest Snapshot v1, https://goo.gl/fbAQLP

exports[`TodoList should match snapshot 1`] = `
<div>
  <div
    class="todoList__container"
    data-testid="TODO_LIST_CONTAINER"
  />
</div>
`;
